// Jest Snapshot v1, https://goo.gl/fbAQLP

exports[`render list view 1`] = `
<SearchForm
  args={
    Object {
      "kind": "kind",
      "rivals": Array [
        "chokudai",
        "iwiwi",
      ],
      "userId": "kenkoooo",
    }
  }
>
  <Form
    action="./"
    bsClass="form"
    componentClass="form"
    horizontal={false}
    inline={true}
    method="get"
  >
    <form
      action="./"
      className="form-inline"
      method="get"
    >
      <FormGroup
        bsClass="form-group"
      >
        <div
          className="form-group"
        >
          <ControlLabel
            bsClass="control-label"
            srOnly={false}
          >
            <label
              className="control-label"
            >
              User ID: 
            </label>
          </ControlLabel>
          <FormControl
            bsClass="form-control"
            componentClass="input"
            defaultValue="kenkoooo"
            name="user"
            placeholder="UserID"
            type="text"
          >
            <input
              className="form-control"
              defaultValue="kenkoooo"
              name="user"
              placeholder="UserID"
              type="text"
            />
          </FormControl>
        </div>
      </FormGroup>
       
      <FormGroup
        bsClass="form-group"
      >
        <div
          className="form-group"
        >
          <ControlLabel
            bsClass="control-label"
            srOnly={false}
          >
            <label
              className="control-label"
            >
              Rivals: 
            </label>
          </ControlLabel>
          <FormControl
            bsClass="form-control"
            componentClass="input"
            defaultValue="chokudai,iwiwi"
            name="rivals"
            placeholder="UserID,UserID,..."
            type="text"
          >
            <input
              className="form-control"
              defaultValue="chokudai,iwiwi"
              name="rivals"
              placeholder="UserID,UserID,..."
              type="text"
            />
          </FormControl>
        </div>
      </FormGroup>
       
      <Uncontrolled(ToggleButtonGroup)
        defaultValue="kind"
        name="kind"
        type="radio"
      >
        <ToggleButtonGroup
          name="kind"
          onChange={[Function]}
          type="radio"
          value="kind"
        >
          <ButtonGroup
            block={false}
            bsClass="btn-group"
            data-toggle="buttons"
            justified={false}
            vertical={false}
          >
            <div
              className="btn-group"
              data-toggle="buttons"
            >
              <ToggleButton
                checked={false}
                key=".0"
                name="kind"
                onChange={[Function]}
                type="radio"
                value="category"
              >
                <Button
                  active={false}
                  block={false}
                  bsClass="btn"
                  bsStyle="default"
                  componentClass="label"
                  disabled={false}
                >
                  <label
                    className="btn btn-default"
                    disabled={false}
                    type="button"
                  >
                    <input
                      autoComplete="off"
                      checked={false}
                      disabled={false}
                      name="kind"
                      onChange={[Function]}
                      type="radio"
                      value="category"
                    />
                    Category
                  </label>
                </Button>
              </ToggleButton>
              <ToggleButton
                checked={false}
                key=".1"
                name="kind"
                onChange={[Function]}
                type="radio"
                value="list"
              >
                <Button
                  active={false}
                  block={false}
                  bsClass="btn"
                  bsStyle="default"
                  componentClass="label"
                  disabled={false}
                >
                  <label
                    className="btn btn-default"
                    disabled={false}
                    type="button"
                  >
                    <input
                      autoComplete="off"
                      checked={false}
                      disabled={false}
                      name="kind"
                      onChange={[Function]}
                      type="radio"
                      value="list"
                    />
                    List
                  </label>
                </Button>
              </ToggleButton>
            </div>
          </ButtonGroup>
        </ToggleButtonGroup>
      </Uncontrolled(ToggleButtonGroup)>
       
      <Button
        active={false}
        block={false}
        bsClass="btn"
        bsStyle="default"
        disabled={false}
        type="submit"
      >
        <button
          className="btn btn-default"
          disabled={false}
          type="submit"
        >
          Search
        </button>
      </Button>
    </form>
  </Form>
</SearchForm>
`;
